This is pdfTeX, Version 3.141592653-2.6-1.40.22 (TeX Live 2022/dev/Debian) (preloaded format=pdflatex 2026.5.1)  2 MAY 2026 22:09
entering extended mode
 restricted \write18 enabled.
 file:line:error style messages enabled.
 %&-line parsing enabled.
**TFM.tex
(./TFM.tex
LaTeX2e <2021-11-15> patch level 1
L3 programming layer <2022-01-21>
(/usr/share/texlive/texmf-dist/tex/latex/base/article.cls
Document Class: article 2021/10/04 v1.4n Standard LaTeX document class
(/usr/share/texlive/texmf-dist/tex/latex/base/size12.clo
File: size12.clo 2021/10/04 v1.4n Standard LaTeX file (size option)
)
\c@part=\count185
\c@section=\count186
\c@subsection=\count187
\c@subsubsection=\count188
\c@paragraph=\count189
\c@subparagraph=\count190
\c@figure=\count191
\c@table=\count192
\abovecaptionskip=\skip47
\belowcaptionskip=\skip48
\bibindent=\dimen138
)
(/usr/share/texlive/texmf-dist/tex/latex/base/inputenc.sty
Package: inputenc 2021/02/14 v1.3d Input encoding file
\inpenc@prehook=\toks16
\inpenc@posthook=\toks17
)
(/usr/share/texlive/texmf-dist/tex/latex/base/fontenc.sty
Package: fontenc 2021/04/29 v2.0v Standard LaTeX package
)
(/usr/share/texlive/texmf-dist/tex/generic/babel/babel.sty
Package: babel 2022/01/26 3.70 The Babel package
\babel@savecnt=\count193
\U@D=\dimen139
\l@unhyphenated=\language3

(/usr/share/texlive/texmf-dist/tex/generic/babel/txtbabel.def)
\bbl@readstream=\read2
\bbl@dirlevel=\count194


/usr/share/texlive/texmf-dist/tex/generic/babel/babel.sty:4254: Package babel E
rror: Unknown option 'spanish'. Either you misspelled it
(babel)                or the language definition file spanish.ldf was not foun
d.

See the babel package documentation for explanation.
Type  H <return>  for immediate help.
 ...                                              
                                                  
l.4254 \ProcessOptions*
                       
Valid options are, among others: shorthands=, KeepShorthandsActive,
activeacute, activegrave, noconfigs, safe=, main=, math=
headfoot=, strings=, config=, hyphenmap=, or a language name.


/usr/share/texlive/texmf-dist/tex/generic/babel/babel.sty:4254: Package babel E
rror: Unknown option 'es-nodecimaldot'. Either you misspelled it
(babel)                or the language definition file es-nodecimaldot.ldf was 
not found.

See the babel package documentation for explanation.
Type  H <return>  for immediate help.
 ...                                              
                                                  
l.4254 \ProcessOptions*
                       
Valid options are, among others: shorthands=, KeepShorthandsActive,
activeacute, activegrave, noconfigs, safe=, main=, math=
headfoot=, strings=, config=, hyphenmap=, or a language name.

Package babel Info: You haven't specified a language. I'll use 'nil'
(babel)             as the main language. Reported on input line 4299.
(/usr/share/texlive/texmf-dist/tex/generic/babel/nil.ldf
Language: nil 2022/01/26 3.70 Nil language
\l@nil=\language4
))
(/usr/share/texlive/texmf-dist/tex/latex/amsmath/amsmath.sty
Package: amsmath 2021/10/15 v2.17l AMS math features
\@mathmargin=\skip49

For additional information on amsmath, use the `?' option.
(/usr/share/texlive/texmf-dist/tex/latex/amsmath/amstext.sty
Package: amstext 2021/08/26 v2.01 AMS text

(/usr/share/texlive/texmf-dist/tex/latex/amsmath/amsgen.sty
File: amsgen.sty 1999/11/30 v2.0 generic functions
\@emptytoks=\toks18
\ex@=\dimen140
))
(/usr/share/texlive/texmf-dist/tex/latex/amsmath/amsbsy.sty
Package: amsbsy 1999/11/29 v1.2d Bold Symbols
\pmbraise@=\dimen141
)
(/usr/share/texlive/texmf-dist/tex/latex/amsmath/amsopn.sty
Package: amsopn 2021/08/26 v2.02 operator names
)
\inf@bad=\count195
LaTeX Info: Redefining \frac on input line 234.
\uproot@=\count196
\leftroot@=\count197
LaTeX Info: Redefining \overline on input line 399.
\classnum@=\count198
\DOTSCASE@=\count199
LaTeX Info: Redefining \ldots on input line 496.
LaTeX Info: Redefining \dots on input line 499.
LaTeX Info: Redefining \cdots on input line 620.
\Mathstrutbox@=\box50
\strutbox@=\box51
\big@size=\dimen142
LaTeX Font Info:    Redeclaring font encoding OML on input line 743.
LaTeX Font Info:    Redeclaring font encoding OMS on input line 744.
\macc@depth=\count266
\c@MaxMatrixCols=\count267
\dotsspace@=\muskip16
\c@parentequation=\count268
\dspbrk@lvl=\count269
\tag@help=\toks19
\row@=\count270
\column@=\count271
\maxfields@=\count272
\andhelp@=\toks20
\eqnshift@=\dimen143
\alignsep@=\dimen144
\tagshift@=\dimen145
\tagwidth@=\dimen146
\totwidth@=\dimen147
\lineht@=\dimen148
\@envbody=\toks21
\multlinegap=\skip50
\multlinetaggap=\skip51
\mathdisplay@stack=\toks22
LaTeX Info: Redefining \[ on input line 2938.
LaTeX Info: Redefining \] on input line 2939.
)
(/usr/share/texlive/texmf-dist/tex/latex/amsfonts/amssymb.sty
Package: amssymb 2013/01/14 v3.01 AMS font symbols

(/usr/share/texlive/texmf-dist/tex/latex/amsfonts/amsfonts.sty
Package: amsfonts 2013/01/14 v3.01 Basic AMSFonts support
\symAMSa=\mathgroup4
\symAMSb=\mathgroup5
LaTeX Font Info:    Redeclaring math symbol \hbar on input line 98.
LaTeX Font Info:    Overwriting math alphabet `\mathfrak' in version `bold'
(Font)                  U/euf/m/n --> U/euf/b/n on input line 106.
))
(/usr/share/texlive/texmf-dist/tex/latex/amscls/amsthm.sty
Package: amsthm 2020/05/29 v2.20.6
\thm@style=\toks23
\thm@bodyfont=\toks24
\thm@headfont=\toks25
\thm@notefont=\toks26
\thm@headpunct=\toks27
\thm@preskip=\skip52
\thm@postskip=\skip53
\thm@headsep=\skip54
\dth@everypar=\toks28
)
(/usr/share/texlive/texmf-dist/tex/latex/mathtools/mathtools.sty
Package: mathtools 2021/02/02 v1.28 mathematical typesetting tools

(/usr/share/texlive/texmf-dist/tex/latex/graphics/keyval.sty
Package: keyval 2014/10/28 v1.15 key=value parser (DPC)
\KV@toks@=\toks29
)
(/usr/share/texlive/texmf-dist/tex/latex/tools/calc.sty
Package: calc 2017/05/25 v4.3 Infix arithmetic (KKT,FJ)
\calc@Acount=\count273
\calc@Bcount=\count274
\calc@Adimen=\dimen149
\calc@Bdimen=\dimen150
\calc@Askip=\skip55
\calc@Bskip=\skip56
LaTeX Info: Redefining \setlength on input line 80.
LaTeX Info: Redefining \addtolength on input line 81.
\calc@Ccount=\count275
\calc@Cskip=\skip57
)
(/usr/share/texlive/texmf-dist/tex/latex/mathtools/mhsetup.sty
Package: mhsetup 2021/03/18 v1.4 programming setup (MH)
)
\g_MT_multlinerow_int=\count276
\l_MT_multwidth_dim=\dimen151
\origjot=\skip58
\l_MT_shortvdotswithinadjustabove_dim=\dimen152
\l_MT_shortvdotswithinadjustbelow_dim=\dimen153
\l_MT_above_intertext_sep=\dimen154
\l_MT_below_intertext_sep=\dimen155
\l_MT_above_shortintertext_sep=\dimen156
\l_MT_below_shortintertext_sep=\dimen157
\xmathstrut@box=\box52
\xmathstrut@dim=\dimen158
)
(/usr/share/texlive/texmf-dist/tex/latex/geometry/geometry.sty
Package: geometry 2020/01/02 v5.9 Page Geometry

(/usr/share/texlive/texmf-dist/tex/generic/iftex/ifvtex.sty
Package: ifvtex 2019/10/25 v1.7 ifvtex legacy package. Use iftex instead.

(/usr/share/texlive/texmf-dist/tex/generic/iftex/iftex.sty
Package: iftex 2020/03/06 v1.0d TeX engine tests
))
\Gm@cnth=\count277
\Gm@cntv=\count278
\c@Gm@tempcnt=\count279
\Gm@bindingoffset=\dimen159
\Gm@wd@mp=\dimen160
\Gm@odd@mp=\dimen161
\Gm@even@mp=\dimen162
\Gm@layoutwidth=\dimen163
\Gm@layoutheight=\dimen164
\Gm@layouthoffset=\dimen165
\Gm@layoutvoffset=\dimen166
\Gm@dimlist=\toks30
)
(/usr/share/texlive/texmf-dist/tex/latex/xcolor/xcolor.sty
Package: xcolor 2021/10/31 v2.13 LaTeX color extensions (UK)

(/usr/share/texlive/texmf-dist/tex/latex/graphics-cfg/color.cfg
File: color.cfg 2016/01/02 v1.6 sample color configuration
)
Package xcolor Info: Driver file: pdftex.def on input line 227.

(/usr/share/texlive/texmf-dist/tex/latex/graphics-def/pdftex.def
File: pdftex.def 2020/10/05 v1.2a Graphics/color driver for pdftex
)
Package xcolor Info: Model `cmy' substituted by `cmy0' on input line 1352.
Package xcolor Info: Model `hsb' substituted by `rgb' on input line 1356.
Package xcolor Info: Model `RGB' extended on input line 1368.
Package xcolor Info: Model `HTML' substituted by `rgb' on input line 1370.
Package xcolor Info: Model `Hsb' substituted by `hsb' on input line 1371.
Package xcolor Info: Model `tHsb' substituted by `hsb' on input line 1372.
Package xcolor Info: Model `HSB' substituted by `hsb' on input line 1373.
Package xcolor Info: Model `Gray' substituted by `gray' on input line 1374.
Package xcolor Info: Model `wave' substituted by `hsb' on input line 1375.
)
(/usr/share/texlive/texmf-dist/tex/latex/hyperref/hyperref.sty
Package: hyperref 2021-06-07 v7.00m Hypertext links for LaTeX

(/usr/share/texlive/texmf-dist/tex/generic/ltxcmds/ltxcmds.sty
Package: ltxcmds 2020-05-10 v1.25 LaTeX kernel commands for general use (HO)
)
(/usr/share/texlive/texmf-dist/tex/generic/pdftexcmds/pdftexcmds.sty
Package: pdftexcmds 2020-06-27 v0.33 Utility functions of pdfTeX for LuaTeX (HO
)

(/usr/share/texlive/texmf-dist/tex/generic/infwarerr/infwarerr.sty
Package: infwarerr 2019/12/03 v1.5 Providing info/warning/error messages (HO)
)
Package pdftexcmds Info: \pdf@primitive is available.
Package pdftexcmds Info: \pdf@ifprimitive is available.
Package pdftexcmds Info: \pdfdraftmode found.
)
(/usr/share/texlive/texmf-dist/tex/generic/kvsetkeys/kvsetkeys.sty
Package: kvsetkeys 2019/12/15 v1.18 Key value parser (HO)
)
(/usr/share/texlive/texmf-dist/tex/generic/kvdefinekeys/kvdefinekeys.sty
Package: kvdefinekeys 2019-12-19 v1.6 Define keys (HO)
)
(/usr/share/texlive/texmf-dist/tex/generic/pdfescape/pdfescape.sty
Package: pdfescape 2019/12/09 v1.15 Implements pdfTeX's escape features (HO)
)
(/usr/share/texlive/texmf-dist/tex/latex/hycolor/hycolor.sty
Package: hycolor 2020-01-27 v1.10 Color options for hyperref/bookmark (HO)
)
(/usr/share/texlive/texmf-dist/tex/latex/letltxmacro/letltxmacro.sty
Package: letltxmacro 2019/12/03 v1.6 Let assignment for LaTeX macros (HO)
)
(/usr/share/texlive/texmf-dist/tex/latex/auxhook/auxhook.sty
Package: auxhook 2019-12-17 v1.6 Hooks for auxiliary files (HO)
)
(/usr/share/texlive/texmf-dist/tex/latex/kvoptions/kvoptions.sty
Package: kvoptions 2020-10-07 v3.14 Key value format for package options (HO)
)
\@linkdim=\dimen167
\Hy@linkcounter=\count280
\Hy@pagecounter=\count281

(/usr/share/texlive/texmf-dist/tex/latex/hyperref/pd1enc.def
File: pd1enc.def 2021-06-07 v7.00m Hyperref: PDFDocEncoding definition (HO)
Now handling font encoding PD1 ...
... no UTF-8 mapping file for font encoding PD1
)
(/usr/share/texlive/texmf-dist/tex/latex/hyperref/hyperref-langpatches.def
File: hyperref-langpatches.def 2021-06-07 v7.00m Hyperref: patches for babel la
nguages
)
(/usr/share/texlive/texmf-dist/tex/generic/intcalc/intcalc.sty
Package: intcalc 2019/12/15 v1.3 Expandable calculations with integers (HO)
)
(/usr/share/texlive/texmf-dist/tex/generic/etexcmds/etexcmds.sty
Package: etexcmds 2019/12/15 v1.7 Avoid name clashes with e-TeX commands (HO)
)
\Hy@SavedSpaceFactor=\count282

(/usr/share/texlive/texmf-dist/tex/latex/hyperref/puenc.def
File: puenc.def 2021-06-07 v7.00m Hyperref: PDF Unicode definition (HO)
Now handling font encoding PU ...
... no UTF-8 mapping file for font encoding PU
)
Package hyperref Info: Hyper figures OFF on input line 4192.
Package hyperref Info: Link nesting OFF on input line 4197.
Package hyperref Info: Hyper index ON on input line 4200.
Package hyperref Info: Plain pages OFF on input line 4207.
Package hyperref Info: Backreferencing OFF on input line 4212.
Package hyperref Info: Implicit mode ON; LaTeX internals redefined.
Package hyperref Info: Bookmarks ON on input line 4445.
\c@Hy@tempcnt=\count283

(/usr/share/texlive/texmf-dist/tex/latex/url/url.sty
\Urlmuskip=\muskip17
Package: url 2013/09/16  ver 3.4  Verb mode for urls, etc.
)
LaTeX Info: Redefining \url on input line 4804.
\XeTeXLinkMargin=\dimen168

(/usr/share/texlive/texmf-dist/tex/generic/bitset/bitset.sty
Package: bitset 2019/12/09 v1.3 Handle bit-vector datatype (HO)

(/usr/share/texlive/texmf-dist/tex/generic/bigintcalc/bigintcalc.sty
Package: bigintcalc 2019/12/15 v1.5 Expandable calculations on big integers (HO
)
))
\Fld@menulength=\count284
\Field@Width=\dimen169
\Fld@charsize=\dimen170
Package hyperref Info: Hyper figures OFF on input line 6076.
Package hyperref Info: Link nesting OFF on input line 6081.
Package hyperref Info: Hyper index ON on input line 6084.
Package hyperref Info: backreferencing OFF on input line 6091.
Package hyperref Info: Link coloring OFF on input line 6096.
Package hyperref Info: Link coloring with OCG OFF on input line 6101.
Package hyperref Info: PDF/A mode OFF on input line 6106.
LaTeX Info: Redefining \ref on input line 6146.
LaTeX Info: Redefining \pageref on input line 6150.

(/usr/share/texlive/texmf-dist/tex/latex/base/atbegshi-ltx.sty
Package: atbegshi-ltx 2021/01/10 v1.0c Emulation of the original atbegshi
package with kernel methods
)
\Hy@abspage=\count285
\c@Item=\count286
\c@Hfootnote=\count287
)
Package hyperref Info: Driver (autodetected): hpdftex.

(/usr/share/texlive/texmf-dist/tex/latex/hyperref/hpdftex.def
File: hpdftex.def 2021-06-07 v7.00m Hyperref driver for pdfTeX

(/usr/share/texlive/texmf-dist/tex/latex/base/atveryend-ltx.sty
Package: atveryend-ltx 2020/08/19 v1.0a Emulation of the original atveryend pac
kage
with kernel methods
)
\Fld@listcount=\count288
\c@bookmark@seq@number=\count289

(/usr/share/texlive/texmf-dist/tex/latex/rerunfilecheck/rerunfilecheck.sty
Package: rerunfilecheck 2019/12/05 v1.9 Rerun checks for auxiliary files (HO)

(/usr/share/texlive/texmf-dist/tex/generic/uniquecounter/uniquecounter.sty
Package: uniquecounter 2019/12/15 v1.4 Provide unlimited unique counter (HO)
)
Package uniquecounter Info: New unique counter `rerunfilecheck' on input line 2
86.
)
\Hy@SectionHShift=\skip59
)
\c@theorem=\count290
\c@corollary=\count291
\c@proposition=\count292
\c@lemma=\count293
\c@definition=\count294
\c@example=\count295
\c@remark=\count296

(/usr/share/texlive/texmf-dist/tex/latex/l3backend/l3backend-pdftex.def
File: l3backend-pdftex.def 2022-01-12 L3 backend support: PDF output (pdfTeX)
\l__color_backend_stack_int=\count297
\l__pdf_internal_box=\box53
)
(./TFM.aux)
\openout1 = `TFM.aux'.

LaTeX Font Info:    Checking defaults for OML/cmm/m/it on input line 38.
LaTeX Font Info:    ... okay on input line 38.
LaTeX Font Info:    Checking defaults for OMS/cmsy/m/n on input line 38.
LaTeX Font Info:    ... okay on input line 38.
LaTeX Font Info:    Checking defaults for OT1/cmr/m/n on input line 38.
LaTeX Font Info:    ... okay on input line 38.
LaTeX Font Info:    Checking defaults for T1/cmr/m/n on input line 38.
LaTeX Font Info:    ... okay on input line 38.
LaTeX Font Info:    Checking defaults for TS1/cmr/m/n on input line 38.
LaTeX Font Info:    ... okay on input line 38.
LaTeX Font Info:    Checking defaults for OMX/cmex/m/n on input line 38.
LaTeX Font Info:    ... okay on input line 38.
LaTeX Font Info:    Checking defaults for U/cmr/m/n on input line 38.
LaTeX Font Info:    ... okay on input line 38.
LaTeX Font Info:    Checking defaults for PD1/pdf/m/n on input line 38.
LaTeX Font Info:    ... okay on input line 38.
LaTeX Font Info:    Checking defaults for PU/pdf/m/n on input line 38.
LaTeX Font Info:    ... okay on input line 38.
 (/usr/share/texlive/texmf-dist/tex/latex/graphics/graphicx.sty
Package: graphicx 2021/09/16 v1.2d Enhanced LaTeX Graphics (DPC,SPQR)

(/usr/share/texlive/texmf-dist/tex/latex/graphics/graphics.sty
Package: graphics 2021/03/04 v1.4d Standard LaTeX Graphics (DPC,SPQR)

(/usr/share/texlive/texmf-dist/tex/latex/graphics/trig.sty
Package: trig 2021/08/11 v1.11 sin cos tan (DPC)
)
(/usr/share/texlive/texmf-dist/tex/latex/graphics-cfg/graphics.cfg
File: graphics.cfg 2016/06/04 v1.11 sample graphics configuration
)
Package graphics Info: Driver file: pdftex.def on input line 107.
)
\Gin@req@height=\dimen171
\Gin@req@width=\dimen172
)
*geometry* driver: auto-detecting
*geometry* detected driver: pdftex
*geometry* verbose mode - [ preamble ] result:
* driver: pdftex
* paper: a4paper
* layout: <same size as paper>
* layoutoffset:(h,v)=(0.0pt,0.0pt)
* modes: 
* h-part:(L,W,R)=(71.13188pt, 455.24411pt, 71.13188pt)
* v-part:(T,H,B)=(71.13188pt, 702.78308pt, 71.13188pt)
* \paperwidth=597.50787pt
* \paperheight=845.04684pt
* \textwidth=455.24411pt
* \textheight=702.78308pt
* \oddsidemargin=-1.1381pt
* \evensidemargin=-1.1381pt
* \topmargin=-38.1381pt
* \headheight=12.0pt
* \headsep=25.0pt
* \topskip=12.0pt
* \footskip=30.0pt
* \marginparwidth=35.0pt
* \marginparsep=10.0pt
* \columnsep=10.0pt
* \skip\footins=10.8pt plus 4.0pt minus 2.0pt
* \hoffset=0.0pt
* \voffset=0.0pt
* \mag=1000
* \@twocolumnfalse
* \@twosidefalse
* \@mparswitchfalse
* \@reversemarginfalse
* (1in=72.27pt=25.4mm, 1cm=28.453pt)

(/usr/share/texlive/texmf-dist/tex/context/base/mkii/supp-pdf.mkii
[Loading MPS to PDF converter (version 2006.09.02).]
\scratchcounter=\count298
\scratchdimen=\dimen173
\scratchbox=\box54
\nofMPsegments=\count299
\nofMParguments=\count300
\everyMPshowfont=\toks31
\MPscratchCnt=\count301
\MPscratchDim=\dimen174
\MPnumerator=\count302
\makeMPintoPDFobject=\count303
\everyMPtoPDFconversion=\toks32
) (/usr/share/texlive/texmf-dist/tex/latex/epstopdf-pkg/epstopdf-base.sty
Package: epstopdf-base 2020-01-24 v2.11 Base part for package epstopdf
Package epstopdf-base Info: Redefining graphics rule for `.eps' on input line 4
85.

(/usr/share/texlive/texmf-dist/tex/latex/latexconfig/epstopdf-sys.cfg
File: epstopdf-sys.cfg 2010/07/13 v1.3 Configuration of (r)epstopdf for TeX Liv
e
))
Package hyperref Info: Link coloring OFF on input line 38.

(/usr/share/texlive/texmf-dist/tex/latex/hyperref/nameref.sty
Package: nameref 2021-04-02 v2.47 Cross-referencing by name of section

(/usr/share/texlive/texmf-dist/tex/latex/refcount/refcount.sty
Package: refcount 2019/12/15 v3.6 Data extraction from label references (HO)
)
(/usr/share/texlive/texmf-dist/tex/generic/gettitlestring/gettitlestring.sty
Package: gettitlestring 2019/12/15 v1.6 Cleanup title references (HO)
)
\c@section@level=\count304
)
LaTeX Info: Redefining \ref on input line 38.
LaTeX Info: Redefining \pageref on input line 38.
LaTeX Info: Redefining \nameref on input line 38.

(./TFM.out) (./TFM.out)
\@outlinefile=\write3
\openout3 = `TFM.out'.

LaTeX Font Info:    Trying to load font information for U+msa on input line 43.


(/usr/share/texlive/texmf-dist/tex/latex/amsfonts/umsa.fd
File: umsa.fd 2013/01/14 v3.01 AMS symbols A
)
LaTeX Font Info:    Trying to load font information for U+msb on input line 43.


(/usr/share/texlive/texmf-dist/tex/latex/amsfonts/umsb.fd
File: umsb.fd 2013/01/14 v3.01 AMS symbols B
) [1

{/var/lib/texmf/fonts/map/pdftex/updmap/pdftex.map}] (./TFM.toc)
\tf@toc=\write4
\openout4 = `TFM.toc'.

 [2] [3]
Overfull \hbox (1.80632pt too wide) in paragraph at lines 126--127
[]\T1/cmr/m/n/12 la posición relativa entre el soporte continuo y los puntos di
scretos $\OML/cmm/m/it/12 c[]$ \T1/cmr/m/n/12 puede analizarse
 []

[4]
Overfull \hbox (21.20157pt too wide) in paragraph at lines 179--180
[][]\T1/cmr/bx/n/12 Definición 9 \T1/cmr/m/n/12 (Polinomios Ortonormales)\T1/cm
r/bx/n/12 . []\T1/cmr/m/n/12 Sea $\OMS/cmsy/m/n/12 f\OML/cmm/m/it/12 ^^^[]\OMS/
cmsy/m/n/12 g[]$ \T1/cmr/m/n/12 la sucesión de polinomios ortonormales
 []

[5]
Overfull \hbox (0.37944pt too wide) in paragraph at lines 208--209
\T1/cmr/m/n/12 La generalización central de este trabajo consiste en perturbar 
el producto interno estándar
 []

[6]
Overfull \hbox (4.49469pt too wide) in paragraph at lines 232--232
[]\T1/cmr/bx/n/14.4 Evaluaciones Puntuales Acotadas (BPE) y Puntos $\OML/cmm/m/
it/14.4 ^^N$\T1/cmr/bx/n/14.4 -singulares 
 []


Package hyperref Warning: Token not allowed in a PDF string (Unicode):
(hyperref)                removing `math shift' on input line 232.


Package hyperref Warning: Token not allowed in a PDF string (Unicode):
(hyperref)                removing `\delta' on input line 232.


Package hyperref Warning: Token not allowed in a PDF string (Unicode):
(hyperref)                removing `math shift' on input line 232.


Overfull \hbox (3.7557pt too wide) in paragraph at lines 278--281
[][]\T1/cmr/bx/n/12 Definición 17 \T1/cmr/m/n/12 (Puntos BPE-derivada y puntos 
$\OML/cmm/m/it/12 ^^N$\T1/cmr/m/n/12 -singulares)\T1/cmr/bx/n/12 . []\T1/cmr/m/
n/12 Para un producto de Sobolev
 []

[7]
Overfull \hbox (2.1243pt too wide) in paragraph at lines 313--314
[][]\T1/cmr/bx/n/12 Proposición 1 \T1/cmr/m/n/12 (Acotación y Extensión Continu
a en el Interior)\T1/cmr/bx/n/12 . []\T1/cmr/m/it/12 Para los puntos interiores

 []

[8] [9]
Overfull \hbox (4.57031pt too wide) in paragraph at lines 383--384
[][]\T1/cmr/bx/n/12 Proposición 2 \T1/cmr/m/n/12 (Caracterización equivalente v
ía $\OML/cmm/m/it/12  []$\T1/cmr/m/n/12 )\T1/cmr/bx/n/12 . []\T1/cmr/m/it/12 Se
a $\OML/cmm/m/it/12 c \OMS/cmsy/m/n/12 2 \U/msb/m/n/12 C$ \T1/cmr/m/it/12 y con
sideremos el funcional 
 []

[10] [11]
Overfull \hbox (1.64253pt too wide) in paragraph at lines 534--534
[]\T1/cmr/bx/n/17.28 Análisis Espectral y Topología en Espacios de Sobolev 
 []


Overfull \hbox (5.14342pt too wide) in paragraph at lines 536--537
\T1/cmr/m/n/12 Para el estudio del operador de multiplicación, es fundamental d
istinguir el comportamiento
 []


Overfull \hbox (31.16727pt too wide) in paragraph at lines 560--561
[][]\T1/cmr/m/it/12 Observación \T1/cmr/m/n/12 6 (Convención de notación para c
odimensión)\T1/cmr/m/it/12 . []\T1/cmr/m/n/12 A lo largo del trabajo distinguir
emos
 []


Overfull \hbox (8.80733pt too wide) in paragraph at lines 562--563
[]$[][]\OT1/cmr/m/n/12 (\OML/cmm/m/it/12 M\OT1/cmr/m/n/12 )$ \T1/cmr/m/n/12 par
a subespacios cerrados $\OML/cmm/m/it/12 M$ \T1/cmr/m/n/12 de un espacio de Hil
bert (noción topológica). 
 []

[12]
Overfull \hbox (2.34274pt too wide) in paragraph at lines 577--579
\T1/cmr/m/n/12 Esta identificación es fundamental, ya que nos permite utilizar 
la estructura de \T1/cmr/m/it/12 Reproducing
 []


Overfull \hbox (7.33974pt too wide) in paragraph at lines 593--594
[][]\T1/cmr/bx/n/12 Definición 22 \T1/cmr/m/n/12 (Subespacio Totalmente Restrin
gido $\OML/cmm/m/it/12 V[]$\T1/cmr/m/n/12 )\T1/cmr/bx/n/12 . []\T1/cmr/m/n/12 D
efinimos el subespacio algebraico
 []


Overfull \hbox (12.93431pt too wide) in paragraph at lines 609--610
[]\T1/cmr/m/n/12 Por otro lado, cualquier polinomio $\OML/cmm/m/it/12 p \OMS/cm
sy/m/n/12 2 \U/msb/m/n/12 P\OT1/cmr/m/n/12 [\OML/cmm/m/it/12 z\OT1/cmr/m/n/12 ]
$ \T1/cmr/m/n/12 admite la siguiente descomposición algebraica: 
 []

[13]
Overfull \hbox (7.6748pt too wide) in paragraph at lines 628--630
\T1/cmr/m/n/12 Esto demuestra la descomposición en suma directa algebraica $\U/
msb/m/n/12 P\OT1/cmr/m/n/12 [\OML/cmm/m/it/12 z\OT1/cmr/m/n/12 ] = \OML/cmm/m/i
t/12 Y[] \OMS/cmsy/m/n/12 ^^H []f\OML/cmm/m/it/12 L[]; [] ; L[]\OMS/cmsy/m/n/12
 g$\T1/cmr/m/n/12 . 
 []


Overfull \hbox (4.75139pt too wide) in paragraph at lines 648--649
[]\T1/cmr/m/n/12 Si el funcional de evaluación $\OML/cmm/m/it/12 ^^N[] \OT1/cmr
/m/n/12 : \U/msb/m/n/12 P\OT1/cmr/m/n/12 [\OML/cmm/m/it/12 z\OT1/cmr/m/n/12 ] \
OMS/cmsy/m/n/12 ! \U/msb/m/n/12 C$ \T1/cmr/m/n/12 no es acotado respecto a $\OM
S/cmsy/m/n/12 k ^^A k[]$\T1/cmr/m/n/12 , demostraremos
 []

[14]
Overfull \hbox (2.0708pt too wide) in paragraph at lines 668--669
[]\T1/cmr/bx/n/12 Caso 1 ($\OML/cmm/m/it/12 ^^^$ \T1/cmr/bx/n/12 no acotado): \
T1/cmr/m/n/12 Por propiedades fundamentales de los espacios normados,
 []


Overfull \hbox (24.62573pt too wide) in paragraph at lines 680--681
[]\T1/cmr/m/n/12 Al ser $\U/msb/m/n/12 P[]$ \T1/cmr/m/n/12 un espacio de Hilber
t de dimensión finita, podemos descomponerlo ortogonalmente
 []


Overfull \hbox (15.58954pt too wide) in paragraph at lines 682--683
\T1/cmr/m/n/12 pertenecerá a algún $\U/msb/m/n/12 P[]$ \T1/cmr/m/n/12 para $\OM
L/cmm/m/it/12 n$ \T1/cmr/m/n/12 suficientemente grande) se puede descomponer al
gebraicamente
 []

[15]
Overfull \hbox (3.97212pt too wide) in paragraph at lines 711--715
[]\T1/cmr/m/n/12 Ahora, analizamos la restricción de los funcionales no acotado
s restantes $\OMS/cmsy/m/n/12 f\OML/cmm/m/it/12  []; [] ;  []\OMS/cmsy/m/n/12 g
$
 []

[16]
Overfull \hbox (33.90833pt too wide) in paragraph at lines 737--738
[][]\T1/cmr/m/it/12 Observación \T1/cmr/m/n/12 7 (Convención de notación)\T1/cm
r/m/it/12 . []\T1/cmr/m/n/12 A partir de este punto distinguiremos sistemáticam
ente
 []

[17]
Overfull \hbox (4.6906pt too wide) in paragraph at lines 758--759
[]\T1/cmr/m/n/12 Los cálculos explícitos más simples ya muestran dos rasgos del
 problema: la dependencia
 []


Overfull \hbox (15.4998pt too wide) in paragraph at lines 761--762
[][]\T1/cmr/bx/n/12 Ejemplo 1 \T1/cmr/m/n/12 (Dos cálculos básicos para $\OML/c
mm/m/it/12 c[]\OT1/cmr/m/n/12 (\OMS/cmsy/m/n/12 D\OT1/cmr/m/n/12 )$\T1/cmr/m/n/
12 )\T1/cmr/bx/n/12 . []\T1/cmr/m/n/12 Consideremos primero el espacio de polin
omios
 []

[18]
Overfull \hbox (1.64723pt too wide) in paragraph at lines 811--813
\T1/cmr/m/n/12 se extiende continuamente a $\OMS/cmsy/m/n/12 H$\T1/cmr/m/n/12 .
 Denotando de nuevo por $\OT1/cmr/m/n/12 	$ \T1/cmr/m/n/12 a dicha extensión, e
l subespacio
 []


Overfull \hbox (16.62503pt too wide) in paragraph at lines 834--836
\T1/cmr/m/n/12 En el caso modelo de Lebesgue en circunferencia y átomo $\OML/cm
m/m/it/12 ^^N$\T1/cmr/m/n/12 -singular ($[] \OMS/cmsy/m/n/12 ^^U \OML/cmm/m/it/
12 R$\T1/cmr/m/n/12 ), la Proposición []5[]
 []

[19] [20]
Overfull \hbox (17.44725pt too wide) in paragraph at lines 963--964
\T1/cmr/m/n/12 precisamente sobre espacios finito-dimensionales de polinomios, 
resulta más natural introducir
 []


Package hyperref Warning: Token not allowed in a PDF string (Unicode):
(hyperref)                removing `math shift' on input line 965.


Package hyperref Warning: Token not allowed in a PDF string (Unicode):
(hyperref)                removing `subscript' on input line 965.


Package hyperref Warning: Token not allowed in a PDF string (Unicode):
(hyperref)                removing `math shift' on input line 965.

[21]
Overfull \hbox (26.40442pt too wide) in paragraph at lines 1020--1021
[][]\T1/cmr/m/it/12 Observación \T1/cmr/m/n/12 8 (Lectura min-max)\T1/cmr/m/it/
12 . []\T1/cmr/m/n/12 La familia admisible está construida mediante interseccio
nes
 []


Overfull \hbox (7.00548pt too wide) in paragraph at lines 1048--1049
\T1/cmr/m/n/12 generadas por los átomos exteriores, revelando que la inestabili
dad, aunque topológicamente
 []

[22]
Overfull \hbox (58.71542pt too wide) detected at line 1099
\OMS/cmsy/m/n/12 kD\OML/cmm/m/it/12 p\OMS/cmsy/m/n/12 k[] \OT1/cmr/m/n/12 = [][
] \OMS/cmsy/m/n/12 j\OML/cmm/m/it/12 zp\OT1/cmr/m/n/12 (\OML/cmm/m/it/12 z\OT1/
cmr/m/n/12 )\OMS/cmsy/m/n/12 j[] \OML/cmm/m/it/12 d\OT1/cmr/bx/n/12 m[]\OT1/cmr
/m/n/12 (\OML/cmm/m/it/12 z\OT1/cmr/m/n/12 ) + \OMS/cmsy/m/n/12 j\OML/cmm/m/it/
12  []\OT1/cmr/m/n/12 (\OML/cmm/m/it/12 p\OT1/cmr/m/n/12 )\OMS/cmsy/m/n/12 j[] 
\OT1/cmr/m/n/12 = [][] \OMS/cmsy/m/n/12 j\OML/cmm/m/it/12 zp\OT1/cmr/m/n/12 (\O
ML/cmm/m/it/12 z\OT1/cmr/m/n/12 )\OMS/cmsy/m/n/12 j[] \OML/cmm/m/it/12 d\OT1/cm
r/bx/n/12 m[]\OT1/cmr/m/n/12 (\OML/cmm/m/it/12 z\OT1/cmr/m/n/12 ) \OMS/cmsy/m/n
/12 ^^T \OML/cmm/m/it/12 R[] [][] \OMS/cmsy/m/n/12 j\OML/cmm/m/it/12 p\OT1/cmr/
m/n/12 (\OML/cmm/m/it/12 z\OT1/cmr/m/n/12 )\OMS/cmsy/m/n/12 j[] \OML/cmm/m/it/1
2 d\OT1/cmr/bx/n/12 m[]\OT1/cmr/m/n/12 (\OML/cmm/m/it/12 z\OT1/cmr/m/n/12 ) \OM
S/cmsy/m/n/12 ^^T \OML/cmm/m/it/12 R[]\OMS/cmsy/m/n/12 k\OML/cmm/m/it/12 p\OMS/
cmsy/m/n/12 k[]\OML/cmm/m/it/12 :
 []

[23]
Overfull \hbox (22.4419pt too wide) in paragraph at lines 1157--1158
[]\T1/cmr/m/n/12 Para establecer el umbral algebraico exacto de estabilización 
del operador de multiplicación,
 []


Overfull \hbox (14.93665pt too wide) in paragraph at lines 1188--1189
[]\T1/cmr/m/n/12 Dividiremos el análisis del umbral en varias partes para facil
itar su lectura: la construcción
 []

[24] [25] [26]
Overfull \hbox (12.30272pt too wide) in paragraph at lines 1429--1431
[]\T1/cmr/m/n/12 Como $\OML/cmm/m/it/12 V$ \T1/cmr/m/n/12 es admisible y de cod
imensión algebraica $\OML/cmm/m/it/12 r$\T1/cmr/m/n/12 , por la caracterización
 por funcionales
 []

[27] [28]
Overfull \hbox (9.80492pt too wide) in paragraph at lines 1553--1556
\T1/cmr/m/it/12 producto de Sobolev es la medida de Lebesgue normalizada en $\U
/msb/m/n/12 S[]$\T1/cmr/m/it/12 , entonces, por el Teorema []1[], 
 []

[29] [30] [31] [32] [33] [34]
Overfull \hbox (2.16826pt too wide) in paragraph at lines 1996--1998
\T1/cmr/m/n/12 Las restricciones $\OT1/cmr/m/n/12 ^^H[]\OMS/cmsy/m/n/12 j[]$ \T
1/cmr/m/n/12 son linealmente independientes, luego $[] [] \OML/cmm/m/it/12 T \O
T1/cmr/m/n/12 = \OML/cmm/m/it/12 m$\T1/cmr/m/n/12 ; en particular,
 []

[35]
Overfull \hbox (8.11487pt too wide) in paragraph at lines 2111--2112
\T1/cmr/m/n/12 demostrado que la restricción del operador de multiplicación a u
n subespacio de codimensión
 []

[36] [37] [38] [39]
Overfull \hbox (5.45355pt too wide) in paragraph at lines 2301--2302
\T1/cmr/m/n/12 singular, la estructura algebraica del espacio de polinomios $\U
/msb/m/n/12 P\OT1/cmr/m/n/12 [\OML/cmm/m/it/12 z\OT1/cmr/m/n/12 ]$ \T1/cmr/m/n/
12 restringe la dimensionalidad
 []


Overfull \hbox (10.41795pt too wide) in paragraph at lines 2309--2310
[]\T1/cmr/m/n/12 Consideremos el principio min-max de Courant-Fischer (Definici
ón []33[]). Las secciones
 []

[40] [41]
Overfull \hbox (2.36052pt too wide) in paragraph at lines 2380--2382
\T1/cmr/m/n/12 pero este subespacio depende de $\OML/cmm/m/it/12 ^^U$\T1/cmr/m/
n/12 . Por ello, no es válido concluir que todos los autovectores
 []


Overfull \hbox (16.27756pt too wide) in paragraph at lines 2385--2393
\T1/cmr/m/it/12 corresponden a índices de $\OML/cmm/m/it/12 I[]$\T1/cmr/m/it/12
 . (En el caso modelo de Lebesgue normalizada en circunferencia,
 []


Overfull \hbox (26.40671pt too wide) in paragraph at lines 2385--2393
\T1/cmr/m/it/12 esta condición implica la no acotación de los funcionales $\OML
/cmm/m/it/12  []\OT1/cmr/m/n/12 (\OML/cmm/m/it/12 p\OT1/cmr/m/n/12 ) = (\OMS/cm
sy/m/n/12 D\OML/cmm/m/it/12 p\OT1/cmr/m/n/12 )[](\OML/cmm/m/it/12 c[]\OT1/cmr/m
/n/12 )$ \T1/cmr/m/it/12 por la Proposición []5[],
 []

[42] [43] [44]
Overfull \hbox (19.1176pt too wide) in paragraph at lines 2591--2592
[]\T1/cmr/m/n/12 Sea $\OMS/cmsy/m/n/12 f\OML/cmm/m/it/12 p[]\OMS/cmsy/m/n/12 g[
]$ \T1/cmr/m/n/12 la sucesión de polinomios ortogonales de Sobolev (mónicos o n
ormalizados)
 []


Overfull \hbox (18.14893pt too wide) in paragraph at lines 2593--2599
\T1/cmr/m/n/12 y satisface $\OMS/cmsy/m/n/12 kDj[]k[] \OML/cmm/m/it/12 < \OMS/c
msy/m/n/12 1$\T1/cmr/m/n/12 . En consecuencia, la hipótesis $\OML/cmm/m/it/12 Q
[]\OT1/cmr/m/n/12 (\OMS/cmsy/m/n/12 D\OT1/cmr/m/n/12 ) \OML/cmm/m/it/12 < \OMS/
cmsy/m/n/12 1$ \T1/cmr/m/n/12 queda automáticamente
 []

[45] [46]

Package hyperref Warning: Token not allowed in a PDF string (Unicode):
(hyperref)                removing `math shift' on input line 2715.


Package hyperref Warning: Token not allowed in a PDF string (Unicode):
(hyperref)                removing `subscript' on input line 2715.


Package hyperref Warning: Token not allowed in a PDF string (Unicode):
(hyperref)                removing `math shift' on input line 2715.

[47]
Overfull \hbox (2.94632pt too wide) in paragraph at lines 2790--2791
\T1/cmr/m/n/12 manera natural una cota asintótica superior. En el caso acotado,
 esta cota puede expresarse
 []

[48] [49]
Overfull \hbox (3.53862pt too wide) in paragraph at lines 2875--2876
\T1/cmr/m/n/12 semidefinidas positivas $\OMS/cmsy/m/n/12 f\OT1/cmr/bx/n/12 M[]\
OML/cmm/m/it/12 ; \OT1/cmr/bx/n/12 M[]\OMS/cmsy/m/n/12 g$ \T1/cmr/m/n/12 se dic
e \T1/cmr/m/it/12 secuencialmente dominado \T1/cmr/m/n/12 si existe una constan
te
 []

[50]
Overfull \hbox (12.17465pt too wide) in paragraph at lines 2943--2944
[]\T1/cmr/m/n/12 La matriz $\OT1/cmr/bx/n/12 D[]$ \T1/cmr/m/n/12 representa la 
compresión del operador de multiplicación $\OMS/cmsy/m/n/12 D$ \T1/cmr/m/n/12 a
l subespacio
 []


Overfull \hbox (11.37645pt too wide) in paragraph at lines 2947--2949
\T1/cmr/m/n/12 donde $\OML/cmm/m/it/12 ^^M[]$ \T1/cmr/m/n/12 es el coeficiente 
director de $\OML/cmm/m/it/12 ^^^[]$\T1/cmr/m/n/12 . La última igualdad es la i
dentidad característica
 []


Overfull \hbox (4.39212pt too wide) in paragraph at lines 2967--2968
[][]\T1/cmr/bx/n/12 Definición 40 \T1/cmr/m/n/12 (Medida regular)\T1/cmr/bx/n/1
2 . []\T1/cmr/m/n/12 Sea $\OML/cmm/m/it/12 ^^V$ \T1/cmr/m/n/12 una medida de Bo
rel positiva con soporte compacto
 []


Overfull \hbox (8.76756pt too wide) in paragraph at lines 2975--2976
\T1/cmr/m/n/12 sobre el soporte, que la medida contadora normalizada de ceros d
e los polinomios ortogonales
 []

[51]
Overfull \hbox (30.69672pt too wide) in paragraph at lines 3008--3010
\T1/cmr/m/n/12 Esto prueba que $\OML/cmm/m/it/12 p[]$ \T1/cmr/m/n/12 es cuasi-o
rtogonal de orden $\OML/cmm/m/it/12 L$ \T1/cmr/m/n/12 respecto de la medida com
pleja compactamente
 []


Overfull \hbox (12.79515pt too wide) in paragraph at lines 3016--3017
[][]\T1/cmr/m/it/12 Observación \T1/cmr/m/n/12 16 (Vía clásica de cuasi-ortogon
alidad)\T1/cmr/m/it/12 . []\T1/cmr/m/n/12 Esta vía, basada en cuasi-ortogonalid
ad
 []

[52]

Package hyperref Warning: Token not allowed in a PDF string (Unicode):
(hyperref)                removing `math shift' on input line 3047.


Package hyperref Warning: Token not allowed in a PDF string (Unicode):
(hyperref)                removing `subscript' on input line 3047.


Package hyperref Warning: Token not allowed in a PDF string (Unicode):
(hyperref)                removing `math shift' on input line 3047.

[53]
Overfull \hbox (32.52977pt too wide) in paragraph at lines 3080--3081
\T1/cmr/m/n/12 deduce del análisis de la matriz de momentos de Sobolev (sección
 []3.6[]) y del comportamiento
 []


Overfull \hbox (22.36253pt too wide) in paragraph at lines 3113--3114
\T1/cmr/m/it/12 ortogonalidad (Sección []4.2[]) como la vía estructural $\OML/c
mm/m/it/12 Q[]$ \T1/cmr/m/it/12 + Weyl--Horn + atracción (Sección []4.3[])
 []

[54] (./TFM.bbl [55] [56]) [57] (./TFM.aux)
Package rerunfilecheck Info: File `TFM.out' has not changed.
(rerunfilecheck)             Checksum: B3C637DDFC769C6AE48BFCA91E44770D;7623.
 ) 
Here is how much of TeX's memory you used:
 12649 strings out of 480247
 195271 string characters out of 5896152
 513988 words of memory out of 5000000
 30126 multiletter control sequences out of 15000+600000
 492621 words of font info for 90 fonts, out of 8000000 for 9000
 14 hyphenation exceptions out of 8191
 60i,11n,63p,1402b,542s stack positions out of 5000i,500n,10000p,200000b,80000s
 </home/gabo/.texlive2021/texmf-var/fonts/pk/ljfour/jknappen/ec/ecrm0800.600p
k> </home/gabo/.texlive2021/texmf-var/fonts/pk/ljfour/jknappen/ec/tcrm1200.600p
k> </home/gabo/.texlive2021/texmf-var/fonts/pk/ljfour/jknappen/ec/ecti1200.600p
k> </home/gabo/.texlive2021/texmf-var/fonts/pk/ljfour/jknappen/ec/ecbx1440.600p
k> </home/gabo/.texlive2021/texmf-var/fonts/pk/ljfour/jknappen/ec/ecbx1200.600p
k> </home/gabo/.texlive2021/texmf-var/fonts/pk/ljfour/jknappen/ec/ecbx1728.600p
k> </home/gabo/.texlive2021/texmf-var/fonts/pk/ljfour/jknappen/ec/ecrm1200.600p
k> </home/gabo/.texlive2021/texmf-var/fonts/pk/ljfour/jknappen/ec/ecrm1095.600p
k> </home/gabo/.texlive2021/texmf-var/fonts/pk/ljfour/jknappen/ec/ecbx1095.600p
k> </home/gabo/.texlive2021/texmf-var/fonts/pk/ljfour/jknappen/ec/ecrm1440.600p
k> </home/gabo/.texlive2021/texmf-var/fonts/pk/ljfour/jknappen/ec/ecrm2074.600p
k></usr/share/texlive/texmf-dist/fonts/type1/public/amsfonts/cm/cmbx12.pfb></us
r/share/texlive/texmf-dist/fonts/type1/public/amsfonts/cm/cmbx8.pfb></usr/share
/texlive/texmf-dist/fonts/type1/public/amsfonts/cm/cmex10.pfb></usr/share/texli
ve/texmf-dist/fonts/type1/public/amsfonts/cm/cmmi10.pfb></usr/share/texlive/tex
mf-dist/fonts/type1/public/amsfonts/cm/cmmi12.pfb></usr/share/texlive/texmf-dis
t/fonts/type1/public/amsfonts/cm/cmmi6.pfb></usr/share/texlive/texmf-dist/fonts
/type1/public/amsfonts/cm/cmmi8.pfb></usr/share/texlive/texmf-dist/fonts/type1/
public/amsfonts/cm/cmmib10.pfb></usr/share/texlive/texmf-dist/fonts/type1/publi
c/amsfonts/cm/cmr10.pfb></usr/share/texlive/texmf-dist/fonts/type1/public/amsfo
nts/cm/cmr12.pfb></usr/share/texlive/texmf-dist/fonts/type1/public/amsfonts/cm/
cmr6.pfb></usr/share/texlive/texmf-dist/fonts/type1/public/amsfonts/cm/cmr8.pfb
></usr/share/texlive/texmf-dist/fonts/type1/public/amsfonts/cm/cmsy10.pfb></usr
/share/texlive/texmf-dist/fonts/type1/public/amsfonts/cm/cmsy6.pfb></usr/share/
texlive/texmf-dist/fonts/type1/public/amsfonts/cm/cmsy8.pfb></usr/share/texlive
/texmf-dist/fonts/type1/public/amsfonts/symbols/msbm10.pfb></usr/share/texlive/
texmf-dist/fonts/type1/public/amsfonts/symbols/msbm7.pfb>
Output written on TFM.pdf (57 pages, 543816 bytes).
PDF statistics:
 1320 PDF objects out of 1440 (max. 8388607)
 805 compressed objects within 9 object streams
 281 named destinations out of 1000 (max. 500000)
 209 words of extra memory for PDF output out of 10000 (max. 10000000)

