{"synthetic": false,
 "outputs":
 {"o": ["4936152466604117264"],
  "i": "4443316600882258511",
  "c": "1442943869364382397"},
 "log":
 [{"message":
   ".> LEAN_PATH=C:\\Users\\Usuario\\Documents\\tfm\\PRUEBAS\\.lake\\packages\\Cli\\.lake\\build\\lib\\lean;C:\\Users\\Usuario\\Documents\\tfm\\PRUEBAS\\.lake\\packages\\batteries\\.lake\\build\\lib\\lean;C:\\Users\\Usuario\\Documents\\tfm\\PRUEBAS\\.lake\\packages\\Qq\\.lake\\build\\lib\\lean;C:\\Users\\Usuario\\Documents\\tfm\\PRUEBAS\\.lake\\packages\\aesop\\.lake\\build\\lib\\lean;C:\\Users\\Usuario\\Documents\\tfm\\PRUEBAS\\.lake\\packages\\proofwidgets\\.lake\\build\\lib\\lean;C:\\Users\\Usuario\\Documents\\tfm\\PRUEBAS\\.lake\\packages\\importGraph\\.lake\\build\\lib\\lean;C:\\Users\\Usuario\\Documents\\tfm\\PRUEBAS\\.lake\\packages\\LeanSearchClient\\.lake\\build\\lib\\lean;C:\\Users\\Usuario\\Documents\\tfm\\PRUEBAS\\.lake\\packages\\plausible\\.lake\\build\\lib\\lean;C:\\Users\\Usuario\\Documents\\tfm\\PRUEBAS\\.lake\\packages\\mathlib\\.lake\\build\\lib\\lean;C:\\Users\\Usuario\\Documents\\tfm\\PRUEBAS\\.lake\\build\\lib\\lean c:\\Users\\Usuario\\.elan\\toolchains\\leanprover--lean4---v4.24.0\\bin\\lean.exe C:\\Users\\Usuario\\Documents\\tfm\\PRUEBAS\\PRUEBAS\\Basic.lean -o C:\\Users\\Usuario\\Documents\\tfm\\PRUEBAS\\.lake\\build\\lib\\lean\\PRUEBAS\\Basic.olean -i C:\\Users\\Usuario\\Documents\\tfm\\PRUEBAS\\.lake\\build\\lib\\lean\\PRUEBAS\\Basic.ilean -c C:\\Users\\Usuario\\Documents\\tfm\\PRUEBAS\\.lake\\build\\ir\\PRUEBAS\\Basic.c --setup C:\\Users\\Usuario\\Documents\\tfm\\PRUEBAS\\.lake\\build\\ir\\PRUEBAS\\Basic.setup.json --json",
   "level": "trace"}],
 "inputs":
 [["PRUEBAS.Basic:deps",
   [["deps",
     [["PRUEBAS/PRUEBAS:extraDep", [["@PRUEBAS:extraDep", "1723"]]],
      ["imports", "1723"]]],
    ["libs",
     [["import dynlibs", "1723"],
      ["package external libraries", "1723"],
      ["module dynlibs", "1723"],
      ["module plugins", "1723"]]]]],
  ["Lean 4.24.0, commit 797c613eb9b6d4ec95db23e3e00af9ac6657f24b",
   "1165570713881806064"],
  ["C:\\Users\\Usuario\\Documents\\tfm\\PRUEBAS\\PRUEBAS\\Basic.lean",
   "18126205365334327008"],
  ["options",
   [["-DmaxSynthPendingDepth=3", "14379489197236848084"],
    ["-Dweak.linter.mathlibStandardSet=true", "9949955268809796418"],
    ["-DrelaxedAutoImplicit=false", "8404479228809428608"],
    ["-Dpp.unicode.fun=true", "11210593074386665387"]]],
  ["Module.leanArgs: #[]", "1723"]],
 "depHash": "612938606255135752"}